../Core/Src/VL53L0X.c:101:20:startTimeout	16	static
../Core/Src/VL53L0X.c:105:20:checkTimeoutExpired	16	static
../Core/Src/VL53L0X.c:109:13:writeReg	32	static
../Core/Src/VL53L0X.c:113:13:writeReg16Bit	40	static
../Core/Src/VL53L0X.c:120:13:writeReg32Bit	48	static
../Core/Src/VL53L0X.c:129:16:readReg	40	static
../Core/Src/VL53L0X.c:135:17:readReg16Bit	40	static
../Core/Src/VL53L0X.c:141:13:writeMulti	40	static
../Core/Src/VL53L0X.c:145:13:readMulti	40	static
../Core/Src/VL53L0X.c:149:6:VL53L0X_SetAddress	16	static
../Core/Src/VL53L0X.c:154:9:VL53L0X_GetAddress	16	static
../Core/Src/VL53L0X.c:158:6:VL53L0X_Init	32	static
../Core/Src/VL53L0X.c:322:6:VL53L0X_SetSignalRateLimit	16	static
../Core/Src/VL53L0X.c:330:7:VL53L0X_GetSignalRateLimit	16	static
../Core/Src/VL53L0X.c:334:6:VL53L0X_SetMeasurementTimingBudget	80	static
../Core/Src/VL53L0X.c:387:10:VL53L0X_GetMeasurementTimingBudget	64	static
../Core/Src/VL53L0X.c:423:6:VL53L0X_SetVcselPulsePeriod	56	static
../Core/Src/VL53L0X.c:516:9:VL53L0X_GetVcselPulsePeriod	16	static
../Core/Src/VL53L0X.c:525:6:VL53L0X_StartContinuous	24	static
../Core/Src/VL53L0X.c:546:6:VL53L0X_StopContinuous	16	static
../Core/Src/VL53L0X.c:555:10:VL53L0X_ReadDistanceContinuous	32	static
../Core/Src/VL53L0X.c:583:10:VL53L0X_ReadDistanceSingle	16	static
../Core/Src/VL53L0X.c:605:6:VL53L0X_TimeoutOccurred	24	static
../Core/Src/VL53L0X.c:611:6:VL53L0X_SetTimeout	16	static
../Core/Src/VL53L0X.c:615:10:VL53L0X_GetTimeout	16	static
../Core/Src/VL53L0X.c:619:13:getSpadInfo	32	static
../Core/Src/VL53L0X.c:655:13:getSequenceStepEnables	24	static
../Core/Src/VL53L0X.c:664:13:getSequenceStepTimeouts	24	static
../Core/Src/VL53L0X.c:687:17:decodeTimeout	16	static
../Core/Src/VL53L0X.c:691:17:encodeTimeout	24	static
../Core/Src/VL53L0X.c:706:17:timeoutMclksToMicroseconds	24	static
../Core/Src/VL53L0X.c:711:17:timeoutMicrosecondsToMclks	24	static
../Core/Src/VL53L0X.c:716:13:performSingleRefCalibration	16	static
